// Jest Snapshot v1, https://goo.gl/fbAQLP

exports[`useSearchTokens returns the right initial value based on breakpoints 1`] = `
Object {
  "current": Object {
    "error": false,
    "loading": true,
    "searchTokens": undefined,
  },
}
`;
